2026-06-19T12:56:07.389+05:30  INFO 16132 --- [LogFile] [main] com.example.LogFile.LogFileApplication   : Starting LogFileApplication using Java 17.0.19 with PID 16132 (C:\Users\DELUXSHAN\Downloads\LogFile\LogFile\target\classes started by DELUXSHAN in C:\Users\DELUXSHAN\Downloads\LogFile\LogFile)
2026-06-19T12:56:07.400+05:30  INFO 16132 --- [LogFile] [main] com.example.LogFile.LogFileApplication   : No active profile set, falling back to 1 default profile: "default"
2026-06-19T12:56:08.987+05:30  INFO 16132 --- [LogFile] [main] o.s.b.w.embedded.tomcat.TomcatWebServer  : Tomcat initialized with port 8080 (http)
2026-06-19T12:56:09.008+05:30  INFO 16132 --- [LogFile] [main] o.apache.catalina.core.StandardService   : Starting service [Tomcat]
2026-06-19T12:56:09.008+05:30  INFO 16132 --- [LogFile] [main] o.apache.catalina.core.StandardEngine    : Starting Servlet engine: [Apache Tomcat/10.1.42]
2026-06-19T12:56:09.172+05:30  INFO 16132 --- [LogFile] [main] o.a.c.c.C.[Tomcat].[localhost].[/]       : Initializing Spring embedded WebApplicationContext
2026-06-19T12:56:09.173+05:30  INFO 16132 --- [LogFile] [main] w.s.c.ServletWebServerApplicationContext : Root WebApplicationContext: initialization completed in 1617 ms
2026-06-19T12:56:09.728+05:30  INFO 16132 --- [LogFile] [main] o.s.b.w.embedded.tomcat.TomcatWebServer  : Tomcat started on port 8080 (http) with context path '/'
2026-06-19T12:56:09.747+05:30  INFO 16132 --- [LogFile] [main] com.example.LogFile.LogFileApplication   : Started LogFileApplication in 3.23 seconds (process running for 4.95)
2026-06-19T12:56:19.978+05:30  INFO 16132 --- [LogFile] [http-nio-8080-exec-1] o.a.c.c.C.[Tomcat].[localhost].[/]       : Initializing Spring DispatcherServlet 'dispatcherServlet'
2026-06-19T12:56:19.979+05:30  INFO 16132 --- [LogFile] [http-nio-8080-exec-1] o.s.web.servlet.DispatcherServlet        : Initializing Servlet 'dispatcherServlet'
2026-06-19T12:56:19.983+05:30  INFO 16132 --- [LogFile] [http-nio-8080-exec-1] o.s.web.servlet.DispatcherServlet        : Completed initialization in 2 ms
2026-06-19T13:02:22.336+05:30  INFO 19844 --- [LogFile] [main] com.example.LogFile.LogFileApplication   : Starting LogFileApplication using Java 17.0.19 with PID 19844 (C:\Users\DELUXSHAN\Downloads\LogFile\LogFile\target\classes started by DELUXSHAN in C:\Users\DELUXSHAN\Downloads\LogFile\LogFile)
2026-06-19T13:02:22.343+05:30  INFO 19844 --- [LogFile] [main] com.example.LogFile.LogFileApplication   : No active profile set, falling back to 1 default profile: "default"
2026-06-19T13:02:23.697+05:30  INFO 19844 --- [LogFile] [main] o.s.b.w.embedded.tomcat.TomcatWebServer  : Tomcat initialized with port 8080 (http)
2026-06-19T13:02:23.711+05:30  INFO 19844 --- [LogFile] [main] o.apache.catalina.core.StandardService   : Starting service [Tomcat]
2026-06-19T13:02:23.711+05:30  INFO 19844 --- [LogFile] [main] o.apache.catalina.core.StandardEngine    : Starting Servlet engine: [Apache Tomcat/10.1.42]
2026-06-19T13:02:23.770+05:30  INFO 19844 --- [LogFile] [main] o.a.c.c.C.[Tomcat].[localhost].[/]       : Initializing Spring embedded WebApplicationContext
2026-06-19T13:02:23.770+05:30  INFO 19844 --- [LogFile] [main] w.s.c.ServletWebServerApplicationContext : Root WebApplicationContext: initialization completed in 1336 ms
2026-06-19T13:02:24.386+05:30  INFO 19844 --- [LogFile] [main] o.s.b.w.embedded.tomcat.TomcatWebServer  : Tomcat started on port 8080 (http) with context path '/'
2026-06-19T13:02:24.404+05:30  INFO 19844 --- [LogFile] [main] com.example.LogFile.LogFileApplication   : Started LogFileApplication in 2.753 seconds (process running for 3.197)
2026-06-19T13:02:47.704+05:30  INFO 19844 --- [LogFile] [http-nio-8080-exec-2] o.a.c.c.C.[Tomcat].[localhost].[/]       : Initializing Spring DispatcherServlet 'dispatcherServlet'
2026-06-19T13:02:47.704+05:30  INFO 19844 --- [LogFile] [http-nio-8080-exec-2] o.s.web.servlet.DispatcherServlet        : Initializing Servlet 'dispatcherServlet'
2026-06-19T13:02:47.708+05:30  INFO 19844 --- [LogFile] [http-nio-8080-exec-2] o.s.web.servlet.DispatcherServlet        : Completed initialization in 4 ms
2026-06-19T13:02:47.749+05:30  INFO 19844 --- [LogFile] [http-nio-8080-exec-2] c.example.LogFile.Service.UserService    : User creation started
2026-06-19T13:02:47.749+05:30  INFO 19844 --- [LogFile] [http-nio-8080-exec-2] c.example.LogFile.Service.UserService    : Saving user into database
2026-06-19T13:02:47.749+05:30  INFO 19844 --- [LogFile] [http-nio-8080-exec-2] c.example.LogFile.Service.UserService    : User created successfully
